// Jest Snapshot v1, https://goo.gl/fbAQLP

exports[`withFederated test render test render correctly 1`] = `<_class />`;
