// Jest Snapshot v1, https://goo.gl/fbAQLP

exports[`S3Image render test render null if no test and no picker 1`] = `
<div
  style={Object {}}
>
  <div
    onClick={[Function]}
    style={
      Object {
        "position": "relative",
      }
    }
  >
    <img
      onError={[Function]}
      onLoad={[Function]}
      src="data:image/gif;base64,R0lGODlhAQABAIAAAP///wAAACH5BAEAAAAALAAAAAABAAEAAAICRAEAOw=="
    />
    <div />
  </div>
</div>
`;

exports[`S3Image render test render with picker true 1`] = `
<div
  style={Object {}}
>
  <div
    onClick={[Function]}
    style={
      Object {
        "position": "relative",
      }
    }
  >
    <img
      onError={[Function]}
      onLoad={[Function]}
      src="data:image/gif;base64,R0lGODlhAQABAIAAAP///wAAACH5BAEAAAAALAAAAAABAAEAAAICRAEAOw=="
    />
    <div />
  </div>
  <div>
    <PhotoPicker
      key="picker"
      onPick={[Function]}
      theme={
        Object {
          "a": Object {
            "color": "#007bff",
            "cursor": "pointer",
          },
          "actionRow": Object {
            "marginBottom": "15px",
          },
          "button": Object {
            "backgroundColor": "#fff",
            "backgroundImage": "none",
            "border": "1px solid transparent",
            "borderColor": "#ccc",
            "borderRadius": "4px",
            "color": "#333",
            "cursor": "pointer",
            "display": "inline-block",
            "fontSize": "14px",
            "fontWeight": 400,
            "lineHeight": "1.42857143",
            "marginBottom": "0",
            "padding": "6px 12px",
            "textAlign": "center",
            "touchAction": "manipulation",
            "userSelect": "none",
            "verticalAlign": "middle",
            "whiteSpace": "nowrap",
          },
          "col1": Object {
            "display": "inline-block",
            "width": "8.33333333%",
          },
          "col10": Object {
            "display": "inline-block",
            "width": "83.33333333%",
          },
          "col11": Object {
            "display": "inline-block",
            "width": "91.66666667%",
          },
          "col12": Object {
            "display": "inline-block",
            "width": "100%",
          },
          "col2": Object {
            "display": "inline-block",
            "width": "16.66666667%",
          },
          "col3": Object {
            "display": "inline-block",
            "width": "25%",
          },
          "col4": Object {
            "display": "inline-block",
            "width": "33.33333333%",
          },
          "col5": Object {
            "display": "inline-block",
            "width": "41.66666667%",
          },
          "col6": Object {
            "display": "inline-block",
            "width": "50%",
          },
          "col7": Object {
            "display": "inline-block",
            "width": "58.33333333%",
          },
          "col8": Object {
            "display": "inline-block",
            "width": "66.66666667%",
          },
          "col9": Object {
            "display": "inline-block",
            "width": "75%",
          },
          "container": Object {
            "color": "#212529",
            "fontFamily": "-apple-system,
                BlinkMacSystemFont,
                \\"Segoe UI\\",
                Roboto,
                \\"Helvetica Neue\\",
                Arial,
                sans-serif,
                \\"Apple Color Emoji\\",
                \\"Segoe UI Emoji\\",
                \\"Segoe UI Symbol\\"",
            "fontWeight": "400",
            "lineHeight": "1.5",
            "paddingLeft": "15px",
            "paddingRight": "15px",
            "textAlign": "left",
          },
          "errorSection": Object {
            "backgroundColor": "#f0ad4e",
            "border": "1px solid #eea236",
            "borderRadius": "4px",
            "color": "#fff",
            "marginBottom": "20px",
            "textAlign": "left",
          },
          "formContainer": Object {
            "textAlign": "center",
          },
          "formRow": Object {
            "marginBottom": "15px",
          },
          "formSection": Object {
            "backgroundColor": "#fff",
            "border": "1px solid #ddd",
            "borderRadius": "4px",
            "display": "inline-block",
            "marginBottom": "20px",
            "textAlign": "left",
            "width": "400px",
          },
          "hidden": Object {
            "display": "none",
          },
          "input": Object {
            "backgroundColor": "#fff",
            "backgroundImage": "none",
            "border": "1px solid #ccc",
            "borderRadius": "4px",
            "boxShadow": "inset 0 1px 1px rgba(0,0,0,.075)",
            "boxSizing": "border-box",
            "color": "#555",
            "display": "block",
            "fontSize": "14px",
            "height": "34px",
            "lineHeight": "1.42857143",
            "padding": "6px 12px",
            "transition": "border-color ease-in-out .15s,box-shadow ease-in-out .15s",
            "width": "100%",
          },
          "nav": Object {
            "margin": "7.5px",
          },
          "navBar": Object {
            "border": "1px solid transparent",
            "borderColor": "#e7e7e7",
            "position": "relative",
          },
          "navButton": Object {
            "backgroundColor": "#fff",
            "backgroundImage": "none",
            "border": "1px solid transparent",
            "borderColor": "#ccc",
            "borderRadius": "4px",
            "color": "#333",
            "cursor": "pointer",
            "display": "inline-block",
            "fontSize": "14px",
            "fontWeight": 400,
            "lineHeight": "1.42857143",
            "marginBottom": "8px",
            "marginTop": "8px",
            "padding": "6px 12px",
            "textAlign": "center",
            "touchAction": "manipulation",
            "userSelect": "none",
            "verticalAlign": "middle",
            "whiteSpace": "nowrap",
          },
          "navItem": Object {
            "display": "inline-block",
            "lineHeight": "20px",
            "padding": "10px 5px",
          },
          "navRight": Object {
            "textAlign": "right",
          },
          "pre": Object {
            "backgroundColor": "#f5f5f5",
            "border": "1px solid #ccc",
            "borderRadius": "4px",
            "color": "#333",
            "display": "block",
            "fontFamily": "Menlo,
                Monaco,
                Consolas,
                \\"Courier New\\",
                monospace",
            "fontSize": "13px",
            "lineHeight": "1.42857143",
            "margin": "0 0 10px",
            "overflow": "auto",
            "padding": "9.5px",
            "wordBreak": "break-all",
            "wordWrap": "break-word",
          },
          "sectionBody": Object {
            "padding": "15px",
          },
          "sectionFooter": Object {
            "backgroundColor": "#f5f5f5",
            "borderTop": "1px solid #ddd",
            "borderTopLeftRadius": "3px",
            "borderTopRightRadius": "3px",
            "color": "#333",
            "padding": "10px 15px",
          },
          "sectionHeader": Object {
            "backgroundColor": "#337ab7",
            "borderBottom": "1px solid transparent",
            "borderColor": "#337ab7",
            "borderTopLeftRadius": "3px",
            "borderTopRightRadius": "3px",
            "color": "#fff",
            "padding": "10px 15px",
            "textAlign": "center",
          },
          "signInButton": Object {
            "#facebook_signin_btn": Object {
              "backgroundColor": "#3b5998",
              "borderColor": "rgba(0,0,0,0.2)",
              "color": "#fff",
            },
            "#google_signin_btn": Object {
              "backgroundColor": "#dd4b39",
              "borderColor": "rgba(0,0,0,0.2)",
              "color": "#fff",
            },
            "display": "block",
            "fontSize": "14px",
            "marginTop": "2px",
            "overflow": "hidden",
            "padding": "6px 12px 6px 44px",
            "position": "relative",
            "textAlign": "left",
            "textOverflow": "ellipsis",
            "whiteSpace": "nowrap",
            "width": "100%",
          },
          "space": Object {
            "display": "inline-block",
            "width": "20px",
          },
        }
      }
    />
  </div>
</div>
`;

exports[`S3Image render test render with src exist 1`] = `
<div
  style={Object {}}
>
  <div
    onClick={[Function]}
    style={
      Object {
        "position": "relative",
      }
    }
  >
    <img
      onError={[Function]}
      onLoad={[Function]}
      src="imageSrc"
    />
    <div />
  </div>
</div>
`;

exports[`S3Image render test render with translate text 1`] = `
<div
  style={Object {}}
>
  <div
    onClick={[Function]}
    style={
      Object {
        "position": "relative",
      }
    }
  >
    <img
      onError={[Function]}
      onLoad={[Function]}
      src="translate"
    />
    <div />
  </div>
</div>
`;
