// Jest Snapshot v1, https://goo.gl/fbAQLP

exports[`trackLifecycle test render correctly 1`] = `<MockComp />`;
